../Core/Src/lcd.cpp:10:1:lcd::lcd(GPIO_TypeDef*, uint16_t, GPIO_TypeDef*, uint16_t, GPIO_TypeDef*, uint16_t, GPIO_TypeDef*, uint16_t, GPIO_TypeDef*, uint16_t, GPIO_TypeDef*, uint16_t, TIM_HandleTypeDef*)	24	static
../Core/Src/lcd.cpp:31:6:void lcd::begin(uint8_t, uint8_t, uint8_t)	24	static
../Core/Src/lcd.cpp:77:6:void lcd::setRowOffsets(int, int, int, int)	24	static
../Core/Src/lcd.cpp:85:6:void lcd::clear()	16	static
../Core/Src/lcd.cpp:90:6:void lcd::home()	16	static
../Core/Src/lcd.cpp:95:6:void lcd::setCursor(uint8_t, uint8_t)	24	static
../Core/Src/lcd.cpp:106:6:void lcd::noDisplay()	16	static
../Core/Src/lcd.cpp:111:6:void lcd::display()	16	static
../Core/Src/lcd.cpp:117:6:void lcd::noCursor()	16	static
../Core/Src/lcd.cpp:121:6:void lcd::cursor()	16	static
../Core/Src/lcd.cpp:127:6:void lcd::noBlink()	16	static
../Core/Src/lcd.cpp:131:6:void lcd::blink()	16	static
../Core/Src/lcd.cpp:137:6:void lcd::scrollDisplayLeft()	16	static
../Core/Src/lcd.cpp:140:6:void lcd::scrollDisplayRight()	16	static
../Core/Src/lcd.cpp:145:6:void lcd::leftToRight()	16	static
../Core/Src/lcd.cpp:151:6:void lcd::rightToLeft()	16	static
../Core/Src/lcd.cpp:157:6:void lcd::autoscroll()	16	static
../Core/Src/lcd.cpp:163:6:void lcd::noAutoscroll()	16	static
../Core/Src/lcd.cpp:171:6:void lcd::createChar(uint8_t, uint8_t*)	32	static
../Core/Src/lcd.cpp:181:13:void lcd::command(uint8_t)	16	static
../Core/Src/lcd.cpp:185:15:virtual size_t lcd::write(uint8_t)	16	static
../Core/Src/lcd.cpp:193:6:void lcd::send(uint8_t, GPIO_PinState)	16	static
../Core/Src/lcd.cpp:201:6:void lcd::pulseEnable()	16	static
../Core/Src/lcd.cpp:210:6:void lcd::write4bits(uint8_t)	24	static
../Core/Src/lcd.cpp:222:6:void lcd::delay_us(uint16_t)	16	static
