../Core/Inc/GenericDriver.h:47:13:GenericDriver::~GenericDriver()	16	static
../Core/Inc/GenericDriver.h:47:13:virtual GenericDriver::~GenericDriver()	16	static
../Core/Inc/ASK.h:104:21:uint16_t ASK::speed()	16	static
../Core/Src/main.cpp:72:5:int main()	280	static
../Core/Src/main.cpp:155:6:void SystemClock_Config()	96	static
../Core/Src/main.cpp:205:13:void MX_TIM1_Init()	40	static
../Core/Src/main.cpp:252:13:void MX_TIM2_Init()	80	static
../Core/Src/main.cpp:312:13:void MX_USART2_UART_Init()	8	static
../Core/Src/main.cpp:347:13:void MX_GPIO_Init()	48	static
../Core/Src/main.cpp:415:6:void Error_Handler()	4	static,ignoring_inline_asm
../Core/Inc/ASK.h:47:7:ASK::~ASK()	16	static
../Core/Inc/ASK.h:47:7:virtual ASK::~ASK()	16	static
../Core/Src/main.cpp:424:1:void __static_initialization_and_destruction_0(int, int)	24	static
../Core/Src/main.cpp:424:1:cpp)	8	static
../Core/Src/main.cpp:424:1:cpp)	8	static
